<html>
<body>
<pre>
<h1>µVision Build Log</h1>
<h2>Project:</h2>
C:\Users\IEUser\Documents\ECE254\lab2\starter\RTX_App\RTX_App.uvproj
Project File Date:  10/02/2017

<h2>Output:</h2>
  
*** Note: 'Create Batch File' is active - using 'Rebuild'.
Rebuild Project 'RTX_Lib_CM' - Target 'CM3_LE'
compiling rt_Task.c...
compiling rt_System.c...
compiling rt_Event.c...
compiling rt_List.c...
compiling rt_Mailbox.c...
compiling rt_Semaphore.c...
compiling rt_Time.c...
compiling rt_Timer.c...
compiling rt_Mutex.c...
compiling rt_Robin.c...
compiling rt_MemBox.c...
compiling rt_Task_ext.c...
compiling rt_MemBox_ext.c...
assembling SVC_Table.s...
compiling HAL_CM3.c...
creating Library...
User command #1: cmd.exe /C copy ArInp.Scr CM3_LE\BuildLib.scr
        1 file(s) copied.
".\CM3_LE\RTX_CM3.lib" - 0 Error(s), 0 Warning(s).
  
Build Project 'RTX_App' - Target 'Starter SIM'
compiling main_task_exp.c...
C:\Users\IEUser\Documents\ECE254\lab2\starter\RTX_App\src\main_task_exp.c(69): error:  #20: identifier "os_maxtaskrun" is undefined
Target not created
  
Rebuild Project 'RTX_Lib_CM' - Target 'CM3_LE'
compiling rt_Task.c...
compiling rt_System.c...
compiling rt_Event.c...
compiling rt_List.c...
compiling rt_Mailbox.c...
compiling rt_Semaphore.c...
compiling rt_Time.c...
compiling rt_Timer.c...
compiling rt_Mutex.c...
compiling rt_Robin.c...
compiling rt_MemBox.c...
compiling rt_Task_ext.c...
compiling rt_MemBox_ext.c...
assembling SVC_Table.s...
compiling HAL_CM3.c...
creating Library...
User command #1: cmd.exe /C copy ArInp.Scr CM3_LE\BuildLib.scr
        1 file(s) copied.
".\CM3_LE\RTX_CM3.lib" - 0 Error(s), 0 Warning(s).
  
Rebuild Project 'RTX_App' - Target 'Starter SIM'
assembling startup_LPC17xx.s...
compiling RTX_Conf_CM.c...
compiling Retarget.c...
compiling system_LPC17xx.c...
compiling uart_polling.c...
compiling main_task_exp.c...
C:\Keil\ARM\RV31\INC\RTX_Config.h(18): error:  #35: #error directive: New RTX-V2 core does not require RTX_Config.h
Target not created
  
*** Note: 'Create Batch File' is active - using 'Rebuild'.
Rebuild Project 'RTX_Lib_CM' - Target 'CM3_LE'
compiling rt_Task.c...
compiling rt_System.c...
compiling rt_Event.c...
compiling rt_List.c...
compiling rt_Mailbox.c...
compiling rt_Semaphore.c...
compiling rt_Time.c...
compiling rt_Timer.c...
compiling rt_Mutex.c...
compiling rt_Robin.c...
compiling rt_MemBox.c...
compiling rt_Task_ext.c...
compiling rt_MemBox_ext.c...
assembling SVC_Table.s...
compiling HAL_CM3.c...
creating Library...
User command #1: cmd.exe /C copy ArInp.Scr CM3_LE\BuildLib.scr
        1 file(s) copied.
".\CM3_LE\RTX_CM3.lib" - 0 Error(s), 0 Warning(s).
  
Build Project 'RTX_App' - Target 'Starter SIM'
compiling main_task_exp.c...
C:\Users\IEUser\Documents\ECE254\lab2\starter\RTX_App\src\main_task_exp.c(69): error:  #20: identifier "os_maxtaskrun" is undefined
Target not created
  
*** Note: 'Create Batch File' is active - using 'Rebuild'.
Rebuild Project 'RTX_Lib_CM' - Target 'CM3_LE'
compiling rt_Task.c...
compiling rt_System.c...
compiling rt_Event.c...
compiling rt_List.c...
compiling rt_Mailbox.c...
compiling rt_Semaphore.c...
compiling rt_Time.c...
compiling rt_Timer.c...
compiling rt_Mutex.c...
compiling rt_Robin.c...
compiling rt_MemBox.c...
compiling rt_Task_ext.c...
compiling rt_MemBox_ext.c...
assembling SVC_Table.s...
compiling HAL_CM3.c...
creating Library...
User command #1: cmd.exe /C copy ArInp.Scr CM3_LE\BuildLib.scr
        1 file(s) copied.
".\CM3_LE\RTX_CM3.lib" - 0 Error(s), 0 Warning(s).
  
Build Project 'RTX_App' - Target 'Starter SIM'
compiling main_task_exp.c...
C:\Users\IEUser\Documents\ECE254\lab2\starter\RTX_App\src\main_task_exp.c(69): error:  #65: expected a ";"
Target not created
  
*** Note: 'Create Batch File' is active - using 'Rebuild'.
Rebuild Project 'RTX_Lib_CM' - Target 'CM3_LE'
compiling rt_Task.c...
compiling rt_System.c...
compiling rt_Event.c...
compiling rt_List.c...
compiling rt_Mailbox.c...
compiling rt_Semaphore.c...
compiling rt_Time.c...
compiling rt_Timer.c...
compiling rt_Mutex.c...
compiling rt_Robin.c...
compiling rt_MemBox.c...
compiling rt_Task_ext.c...
compiling rt_MemBox_ext.c...
assembling SVC_Table.s...
compiling HAL_CM3.c...
creating Library...
User command #1: cmd.exe /C copy ArInp.Scr CM3_LE\BuildLib.scr
        1 file(s) copied.
".\CM3_LE\RTX_CM3.lib" - 0 Error(s), 0 Warning(s).
  
Build Project 'RTX_App' - Target 'Starter SIM'
compiling main_task_exp.c...
linking...
Program Size: Code=7268 RO-data=276 RW-data=148 ZI-data=8132  
".\build\FLASH\RTX_APP.axf" - 0 Error(s), 0 Warning(s).
  
*** Note: 'Create Batch File' is active - using 'Rebuild'.
Rebuild Project 'RTX_Lib_CM' - Target 'CM3_LE'
compiling rt_Task.c...
compiling rt_System.c...
compiling rt_Event.c...
compiling rt_List.c...
compiling rt_Mailbox.c...
compiling rt_Semaphore.c...
compiling rt_Time.c...
compiling rt_Timer.c...
compiling rt_Mutex.c...
compiling rt_Robin.c...
compiling rt_MemBox.c...
compiling rt_Task_ext.c...
compiling rt_MemBox_ext.c...
assembling SVC_Table.s...
compiling HAL_CM3.c...
creating Library...
User command #1: cmd.exe /C copy ArInp.Scr CM3_LE\BuildLib.scr
        1 file(s) copied.
".\CM3_LE\RTX_CM3.lib" - 0 Error(s), 0 Warning(s).
  
Build Project 'RTX_App' - Target 'Starter SIM'
compiling main_task_exp.c...
C:\Users\IEUser\Documents\ECE254\lab2\starter\RTX_App\src\main_task_exp.c(69): warning:  #223-D: function "os_maxtaskrun" declared implicitly
linking...
.\build\FLASH\RTX_APP.axf: Warning: L6318W: main_task_exp.o(.text) contains branch to a non-code symbol os_maxtaskrun.
Program Size: Code=7264 RO-data=276 RW-data=148 ZI-data=8132  
".\build\FLASH\RTX_APP.axf" - 0 Error(s), 2 Warning(s).
  
Rebuild Project 'RTX_Lib_CM' - Target 'CM3_LE'
compiling rt_Task.c...
compiling rt_System.c...
compiling rt_Event.c...
compiling rt_List.c...
compiling rt_Mailbox.c...
compiling rt_Semaphore.c...
compiling rt_Time.c...
compiling rt_Timer.c...
compiling rt_Mutex.c...
compiling rt_Robin.c...
compiling rt_MemBox.c...
compiling rt_Task_ext.c...
compiling rt_MemBox_ext.c...
assembling SVC_Table.s...
compiling HAL_CM3.c...
creating Library...
User command #1: cmd.exe /C copy ArInp.Scr CM3_LE\BuildLib.scr
        1 file(s) copied.
".\CM3_LE\RTX_CM3.lib" - 0 Error(s), 0 Warning(s).
  
Rebuild Project 'RTX_App' - Target 'Starter SIM'
assembling startup_LPC17xx.s...
compiling RTX_Conf_CM.c...
compiling Retarget.c...
compiling system_LPC17xx.c...
compiling uart_polling.c...
compiling main_task_exp.c...
C:\Users\IEUser\Documents\ECE254\lab2\starter\RTX_App\src\main_task_exp.c(69): error:  #20: identifier "os_maxtaskrun" is undefined
Target not created
  
Rebuild Project 'RTX_Lib_CM' - Target 'CM3_LE'
compiling rt_Task.c...
compiling rt_System.c...
compiling rt_Event.c...
compiling rt_List.c...
compiling rt_Mailbox.c...
compiling rt_Semaphore.c...
compiling rt_Time.c...
compiling rt_Timer.c...
compiling rt_Mutex.c...
compiling rt_Robin.c...
compiling rt_MemBox.c...
compiling rt_Task_ext.c...
compiling rt_MemBox_ext.c...
assembling SVC_Table.s...
compiling HAL_CM3.c...
creating Library...
User command #1: cmd.exe /C copy ArInp.Scr CM3_LE\BuildLib.scr
        1 file(s) copied.
".\CM3_LE\RTX_CM3.lib" - 0 Error(s), 0 Warning(s).
  
Rebuild Project 'RTX_App' - Target 'Starter SIM'
assembling startup_LPC17xx.s...
compiling RTX_Conf_CM.c...
compiling Retarget.c...
compiling system_LPC17xx.c...
compiling uart_polling.c...
compiling main_task_exp.c...
C:\Users\IEUser\Documents\ECE254\lab2\starter\RTX_App\src\main_task_exp.c(69): warning:  #174-D: expression has no effect
C:\Users\IEUser\Documents\ECE254\lab2\starter\RTX_App\src\main_task_exp.c(69): error:  #65: expected a ";"
Target not created
Build Project 'RTX_App' - Target 'Starter SIM'
compiling main_task_exp.c...
C:\Users\IEUser\Documents\ECE254\lab2\starter\RTX_App\src\main_task_exp.c(69): warning:  #174-D: expression has no effect
linking...
Program Size: Code=7260 RO-data=276 RW-data=148 ZI-data=8132  
".\build\FLASH\RTX_APP.axf" - 0 Error(s), 1 Warning(s).
Build Project 'RTX_App' - Target 'Starter SIM'
compiling main_task_exp.c...
linking...
Program Size: Code=7268 RO-data=276 RW-data=148 ZI-data=8132  
".\build\FLASH\RTX_APP.axf" - 0 Error(s), 0 Warning(s).
Build Project 'RTX_App' - Target 'Starter SIM'
compiling main_task_exp.c...
linking...
Program Size: Code=7268 RO-data=276 RW-data=148 ZI-data=8132  
".\build\FLASH\RTX_APP.axf" - 0 Error(s), 0 Warning(s).
Build Project 'RTX_App' - Target 'Starter SIM'
compiling main_task_exp.c...
C:\Users\IEUser\Documents\ECE254\lab2\starter\RTX_App\src\main_task_exp.c(69): error:  #18: expected a ")"
Target not created
Rebuild Project 'RTX_App' - Target 'Starter SIM'
assembling startup_LPC17xx.s...
compiling RTX_Conf_CM.c...
compiling Retarget.c...
compiling system_LPC17xx.c...
compiling uart_polling.c...
compiling main_task_exp.c...
C:\Users\IEUser\Documents\ECE254\lab2\starter\RTX_App\src\main_task_exp.c(69): error:  #18: expected a ")"
Target not created
Build Project 'RTX_App' - Target 'Starter SIM'
compiling main_task_exp.c...
linking...
Program Size: Code=7268 RO-data=276 RW-data=148 ZI-data=8132  
".\build\FLASH\RTX_APP.axf" - 0 Error(s), 0 Warning(s).
