<html>
<body>
<pre>
<h1>µVision Build Log</h1>
<h2>Project:</h2>
C:\Users\IEUser\Documents\ece-254-os-lab\lab2\starter\RTX_App\RTX_App.uvproj
Project File Date:  10/17/2017

<h2>Output:</h2>
  
Rebuild Project 'RTX_Lib_CM' - Target 'CM3_LE'
compiling rt_Task.c...
compiling rt_System.c...
compiling rt_Event.c...
compiling rt_List.c...
compiling rt_Mailbox.c...
compiling rt_Semaphore.c...
compiling rt_Time.c...
compiling rt_Timer.c...
compiling rt_Mutex.c...
compiling rt_Robin.c...
compiling rt_MemBox.c...
compiling rt_Task_ext.c...
compiling rt_MemBox_ext.c...
assembling SVC_Table.s...
compiling HAL_CM3.c...
creating Library...
User command #1: cmd.exe /C copy ArInp.Scr CM3_LE\BuildLib.scr
        1 file(s) copied.
".\CM3_LE\RTX_CM3.lib" - 0 Error(s), 0 Warning(s).
  
Rebuild Project 'RTX_App' - Target 'Starter SIM'
assembling startup_LPC17xx.s...
compiling RTX_Conf_CM.c...
compiling Retarget.c...
compiling system_LPC17xx.c...
compiling uart_polling.c...
compiling main_task_exp.c...
linking...
Program Size: Code=6728 RO-data=344 RW-data=176 ZI-data=8800  
".\build\FLASH\RTX_APP.axf" - 0 Error(s), 0 Warning(s).
Rebuild Project 'RTX_App' - Target 'Starter SIM'
assembling startup_LPC17xx.s...
compiling RTX_Conf_CM.c...
compiling Retarget.c...
compiling system_LPC17xx.c...
compiling uart_polling.c...
compiling main_task_exp.c...
linking...
Program Size: Code=6728 RO-data=344 RW-data=176 ZI-data=8800  
".\build\FLASH\RTX_APP.axf" - 0 Error(s), 0 Warning(s).
  
Rebuild Project 'RTX_Lib_CM' - Target 'CM3_LE'
compiling rt_Task.c...
compiling rt_System.c...
compiling rt_Event.c...
compiling rt_List.c...
compiling rt_Mailbox.c...
compiling rt_Semaphore.c...
compiling rt_Time.c...
compiling rt_Timer.c...
compiling rt_Mutex.c...
compiling rt_Robin.c...
compiling rt_MemBox.c...
compiling rt_Task_ext.c...
compiling rt_MemBox_ext.c...
C:\Users\IEUser\Documents\ece-254-os-lab\lab2\starter\RTX_CM3\SRC\CM\rt_MemBox_ext.c(57): error:  #20: identifier "WAIT_MEM" is undefined
assembling SVC_Table.s...
compiling HAL_CM3.c...
Target not created
  
Rebuild Project 'RTX_App' - Target 'Starter SIM'
assembling startup_LPC17xx.s...
compiling RTX_Conf_CM.c...
compiling Retarget.c...
compiling system_LPC17xx.c...
compiling uart_polling.c...
compiling main_task_exp.c...
linking...
Program Size: Code=6728 RO-data=344 RW-data=176 ZI-data=8800  
".\build\FLASH\RTX_APP.axf" - 0 Error(s), 0 Warning(s).
  
Rebuild Project 'RTX_Lib_CM' - Target 'CM3_LE'
compiling rt_Task.c...
compiling rt_System.c...
compiling rt_Event.c...
compiling rt_List.c...
compiling rt_Mailbox.c...
compiling rt_Semaphore.c...
compiling rt_Time.c...
compiling rt_Timer.c...
compiling rt_Mutex.c...
compiling rt_Robin.c...
compiling rt_MemBox.c...
compiling rt_Task_ext.c...
compiling rt_MemBox_ext.c...
assembling SVC_Table.s...
compiling HAL_CM3.c...
creating Library...
User command #1: cmd.exe /C copy ArInp.Scr CM3_LE\BuildLib.scr
        1 file(s) copied.
".\CM3_LE\RTX_CM3.lib" - 0 Error(s), 0 Warning(s).
  
Rebuild Project 'RTX_App' - Target 'Starter SIM'
assembling startup_LPC17xx.s...
compiling RTX_Conf_CM.c...
compiling Retarget.c...
compiling system_LPC17xx.c...
compiling uart_polling.c...
compiling main_task_exp.c...
linking...
Program Size: Code=6728 RO-data=344 RW-data=176 ZI-data=8800  
".\build\FLASH\RTX_APP.axf" - 0 Error(s), 0 Warning(s).
