<html>
<body>
<pre>
<h1>µVision Build Log</h1>
<h2>Project:</h2>
C:\Users\IEUser\Documents\ece-254-os-lab\lab2\starter\RTX_App\RTX_App.uvproj
Project File Date:  10/04/2017

<h2>Output:</h2>
  
*** Note: 'Create Batch File' is active - using 'Rebuild'.
Rebuild Project 'RTX_Lib_CM' - Target 'CM3_LE'
compiling rt_Task.c...
compiling rt_System.c...
compiling rt_Event.c...
compiling rt_List.c...
compiling rt_Mailbox.c...
compiling rt_Semaphore.c...
compiling rt_Time.c...
compiling rt_Timer.c...
compiling rt_Mutex.c...
compiling rt_Robin.c...
compiling rt_MemBox.c...
compiling rt_Task_ext.c...
compiling rt_MemBox_ext.c...
C:\Users\IEUser\Documents\ece-254-os-lab\lab2\starter\RTX_CM3\SRC\CM\rt_MemBox_ext.c(55): warning:  #223-D: function "rt_put_prio" declared implicitly
C:\Users\IEUser\Documents\ece-254-os-lab\lab2\starter\RTX_CM3\SRC\CM\rt_MemBox_ext.c(55): error:  #20: identifier "p_task" is undefined
C:\Users\IEUser\Documents\ece-254-os-lab\lab2\starter\RTX_CM3\SRC\CM\rt_MemBox_ext.c(47): warning:  #550-D: variable "ptask" was set but never used
C:\Users\IEUser\Documents\ece-254-os-lab\lab2\starter\RTX_CM3\SRC\CM\rt_MemBox_ext.c(76): error:  #29: expected an expression
C:\Users\IEUser\Documents\ece-254-os-lab\lab2\starter\RTX_CM3\SRC\CM\rt_MemBox_ext.c(77): warning:  #223-D: function "rt_get_first" declared implicitly
C:\Users\IEUser\Documents\ece-254-os-lab\lab2\starter\RTX_CM3\SRC\CM\rt_MemBox_ext.c(77): error:  #513: a value of type "int" cannot be assigned to an entity of type "P_TCB"
C:\Users\IEUser\Documents\ece-254-os-lab\lab2\starter\RTX_CM3\SRC\CM\rt_MemBox_ext.c(78): error:  #136: struct "OS_TCB" has no field "retval"
C:\Users\IEUser\Documents\ece-254-os-lab\lab2\starter\RTX_CM3\SRC\CM\rt_MemBox_ext.c(87): warning: At end of source:  #940-D: missing return statement at end of non-void function "rt_free_box_s"
C:\Users\IEUser\Documents\ece-254-os-lab\lab2\starter\RTX_CM3\SRC\CM\rt_MemBox_ext.c(87): error: At end of source:  #67: expected a "}"
assembling SVC_Table.s...
compiling HAL_CM3.c...
Target not created
  
Build Project 'RTX_App' - Target 'Starter SIM'
compiling RTX_Conf_CM.c...
compiling Retarget.c...
compiling system_LPC17xx.c...
compiling uart_polling.c...
compiling main_task_exp.c...
linking...
Program Size: Code=6688 RO-data=276 RW-data=148 ZI-data=8132  
".\build\FLASH\RTX_APP.axf" - 0 Error(s), 0 Warning(s).
Clean started: Project: 'RTX_Lib_CM'
   deleting intermediate output files for target 'CM3_LE'
  
Rebuild Project 'RTX_Lib_CM' - Target 'CM3_LE'
compiling rt_Task.c...
compiling rt_System.c...
compiling rt_Event.c...
compiling rt_List.c...
compiling rt_Mailbox.c...
compiling rt_Semaphore.c...
compiling rt_Time.c...
compiling rt_Timer.c...
compiling rt_Mutex.c...
compiling rt_Robin.c...
compiling rt_MemBox.c...
compiling rt_Task_ext.c...
compiling rt_MemBox_ext.c...
C:\Users\IEUser\Documents\ece-254-os-lab\lab2\starter\RTX_CM3\SRC\CM\rt_MemBox_ext.c(55): warning:  #223-D: function "rt_put_prio" declared implicitly
C:\Users\IEUser\Documents\ece-254-os-lab\lab2\starter\RTX_CM3\SRC\CM\rt_MemBox_ext.c(76): error:  #29: expected an expression
C:\Users\IEUser\Documents\ece-254-os-lab\lab2\starter\RTX_CM3\SRC\CM\rt_MemBox_ext.c(77): warning:  #223-D: function "rt_get_first" declared implicitly
C:\Users\IEUser\Documents\ece-254-os-lab\lab2\starter\RTX_CM3\SRC\CM\rt_MemBox_ext.c(77): error:  #513: a value of type "int" cannot be assigned to an entity of type "P_TCB"
C:\Users\IEUser\Documents\ece-254-os-lab\lab2\starter\RTX_CM3\SRC\CM\rt_MemBox_ext.c(78): error:  #136: struct "OS_TCB" has no field "retval"
C:\Users\IEUser\Documents\ece-254-os-lab\lab2\starter\RTX_CM3\SRC\CM\rt_MemBox_ext.c(87): warning: At end of source:  #940-D: missing return statement at end of non-void function "rt_free_box_s"
C:\Users\IEUser\Documents\ece-254-os-lab\lab2\starter\RTX_CM3\SRC\CM\rt_MemBox_ext.c(87): error: At end of source:  #67: expected a "}"
assembling SVC_Table.s...
compiling HAL_CM3.c...
Target not created
  
Rebuild Project 'RTX_Lib_CM' - Target 'CM3_LE'
compiling rt_Task.c...
compiling rt_System.c...
compiling rt_Event.c...
compiling rt_List.c...
compiling rt_Mailbox.c...
compiling rt_Semaphore.c...
compiling rt_Time.c...
compiling rt_Timer.c...
compiling rt_Mutex.c...
compiling rt_Robin.c...
compiling rt_MemBox.c...
compiling rt_Task_ext.c...
compiling rt_MemBox_ext.c...
C:\Users\IEUser\Documents\ece-254-os-lab\lab2\starter\RTX_CM3\SRC\CM\rt_MemBox_ext.c(55): warning:  #223-D: function "rt_put_prio" declared implicitly
C:\Users\IEUser\Documents\ece-254-os-lab\lab2\starter\RTX_CM3\SRC\CM\rt_MemBox_ext.c(76): error:  #29: expected an expression
C:\Users\IEUser\Documents\ece-254-os-lab\lab2\starter\RTX_CM3\SRC\CM\rt_MemBox_ext.c(77): warning:  #223-D: function "rt_get_first" declared implicitly
C:\Users\IEUser\Documents\ece-254-os-lab\lab2\starter\RTX_CM3\SRC\CM\rt_MemBox_ext.c(77): error:  #513: a value of type "int" cannot be assigned to an entity of type "P_TCB"
C:\Users\IEUser\Documents\ece-254-os-lab\lab2\starter\RTX_CM3\SRC\CM\rt_MemBox_ext.c(78): error:  #136: struct "OS_TCB" has no field "retval"
C:\Users\IEUser\Documents\ece-254-os-lab\lab2\starter\RTX_CM3\SRC\CM\rt_MemBox_ext.c(87): warning: At end of source:  #940-D: missing return statement at end of non-void function "rt_free_box_s"
C:\Users\IEUser\Documents\ece-254-os-lab\lab2\starter\RTX_CM3\SRC\CM\rt_MemBox_ext.c(87): error: At end of source:  #67: expected a "}"
assembling SVC_Table.s...
compiling HAL_CM3.c...
Target not created
  
Rebuild Project 'RTX_Lib_CM' - Target 'CM3_LE'
compiling rt_Task.c...
compiling rt_System.c...
compiling rt_Event.c...
compiling rt_List.c...
compiling rt_Mailbox.c...
compiling rt_Semaphore.c...
compiling rt_Time.c...
compiling rt_Timer.c...
compiling rt_Mutex.c...
compiling rt_Robin.c...
compiling rt_MemBox.c...
compiling rt_Task_ext.c...
compiling rt_MemBox_ext.c...
C:\Users\IEUser\Documents\ece-254-os-lab\lab2\starter\RTX_CM3\SRC\CM\rt_MemBox_ext.c(77): error:  #29: expected an expression
C:\Users\IEUser\Documents\ece-254-os-lab\lab2\starter\RTX_CM3\SRC\CM\rt_MemBox_ext.c(79): error:  #136: struct "OS_TCB" has no field "retval"
C:\Users\IEUser\Documents\ece-254-os-lab\lab2\starter\RTX_CM3\SRC\CM\rt_MemBox_ext.c(88): warning: At end of source:  #940-D: missing return statement at end of non-void function "rt_free_box_s"
C:\Users\IEUser\Documents\ece-254-os-lab\lab2\starter\RTX_CM3\SRC\CM\rt_MemBox_ext.c(88): error: At end of source:  #67: expected a "}"
assembling SVC_Table.s...
compiling HAL_CM3.c...
Target not created
  
Rebuild Project 'RTX_Lib_CM' - Target 'CM3_LE'
compiling rt_Task.c...
compiling rt_System.c...
compiling rt_Event.c...
compiling rt_List.c...
compiling rt_Mailbox.c...
compiling rt_Semaphore.c...
compiling rt_Time.c...
compiling rt_Timer.c...
compiling rt_Mutex.c...
compiling rt_Robin.c...
compiling rt_MemBox.c...
compiling rt_Task_ext.c...
compiling rt_MemBox_ext.c...
C:\Users\IEUser\Documents\ece-254-os-lab\lab2\starter\RTX_CM3\SRC\CM\rt_MemBox_ext.c(77): error:  #44: expression must have pointer type
C:\Users\IEUser\Documents\ece-254-os-lab\lab2\starter\RTX_CM3\SRC\CM\rt_MemBox_ext.c(77): error:  #29: expected an expression
C:\Users\IEUser\Documents\ece-254-os-lab\lab2\starter\RTX_CM3\SRC\CM\rt_MemBox_ext.c(79): error:  #136: struct "OS_TCB" has no field "retval"
assembling SVC_Table.s...
compiling HAL_CM3.c...
Target not created
  
Rebuild Project 'RTX_Lib_CM' - Target 'CM3_LE'
compiling rt_Task.c...
compiling rt_System.c...
compiling rt_Event.c...
compiling rt_List.c...
compiling rt_Mailbox.c...
compiling rt_Semaphore.c...
compiling rt_Time.c...
compiling rt_Timer.c...
compiling rt_Mutex.c...
compiling rt_Robin.c...
compiling rt_MemBox.c...
compiling rt_Task_ext.c...
compiling rt_MemBox_ext.c...
C:\Users\IEUser\Documents\ece-254-os-lab\lab2\starter\RTX_CM3\SRC\CM\rt_MemBox_ext.c(79): error:  #136: struct "OS_TCB" has no field "retval"
assembling SVC_Table.s...
compiling HAL_CM3.c...
Target not created
  
Rebuild Project 'RTX_Lib_CM' - Target 'CM3_LE'
compiling rt_Task.c...
compiling rt_System.c...
compiling rt_Event.c...
compiling rt_List.c...
compiling rt_Mailbox.c...
compiling rt_Semaphore.c...
compiling rt_Time.c...
compiling rt_Timer.c...
compiling rt_Mutex.c...
compiling rt_Robin.c...
compiling rt_MemBox.c...
compiling rt_Task_ext.c...
compiling rt_MemBox_ext.c...
assembling SVC_Table.s...
compiling HAL_CM3.c...
creating Library...
User command #1: cmd.exe /C copy ArInp.Scr CM3_LE\BuildLib.scr
        1 file(s) copied.
".\CM3_LE\RTX_CM3.lib" - 0 Error(s), 0 Warning(s).
  
Rebuild Project 'RTX_Lib_CM' - Target 'CM3_LE'
compiling rt_Task.c...
compiling rt_System.c...
compiling rt_Event.c...
compiling rt_List.c...
compiling rt_Mailbox.c...
compiling rt_Semaphore.c...
compiling rt_Time.c...
compiling rt_Timer.c...
compiling rt_Mutex.c...
compiling rt_Robin.c...
compiling rt_MemBox.c...
compiling rt_Task_ext.c...
compiling rt_MemBox_ext.c...
assembling SVC_Table.s...
compiling HAL_CM3.c...
creating Library...
User command #1: cmd.exe /C copy ArInp.Scr CM3_LE\BuildLib.scr
        1 file(s) copied.
".\CM3_LE\RTX_CM3.lib" - 0 Error(s), 0 Warning(s).
  
Rebuild Project 'RTX_App' - Target 'Starter SIM'
assembling startup_LPC17xx.s...
compiling RTX_Conf_CM.c...
compiling Retarget.c...
compiling system_LPC17xx.c...
compiling uart_polling.c...
compiling main_task_exp.c...
linking...
Program Size: Code=6604 RO-data=276 RW-data=148 ZI-data=8132  
".\build\FLASH\RTX_APP.axf" - 0 Error(s), 0 Warning(s).
  
Rebuild Project 'RTX_Lib_CM' - Target 'CM3_LE'
compiling rt_Task.c...
compiling rt_System.c...
compiling rt_Event.c...
compiling rt_List.c...
compiling rt_Mailbox.c...
compiling rt_Semaphore.c...
compiling rt_Time.c...
compiling rt_Timer.c...
compiling rt_Mutex.c...
compiling rt_Robin.c...
compiling rt_MemBox.c...
compiling rt_Task_ext.c...
compiling rt_MemBox_ext.c...
assembling SVC_Table.s...
compiling HAL_CM3.c...
creating Library...
User command #1: cmd.exe /C copy ArInp.Scr CM3_LE\BuildLib.scr
        1 file(s) copied.
".\CM3_LE\RTX_CM3.lib" - 0 Error(s), 0 Warning(s).
  
Rebuild Project 'RTX_App' - Target 'Starter SIM'
assembling startup_LPC17xx.s...
compiling RTX_Conf_CM.c...
compiling Retarget.c...
compiling system_LPC17xx.c...
compiling uart_polling.c...
compiling main_task_exp.c...
C:\Users\IEUser\Documents\ece-254-os-lab\lab2\starter\RTX_App\src\main_task_exp.c(100): error:  #268: declaration may not appear after executable statement in block
Target not created
Rebuild Project 'RTX_App' - Target 'Starter SIM'
assembling startup_LPC17xx.s...
compiling RTX_Conf_CM.c...
compiling Retarget.c...
compiling system_LPC17xx.c...
compiling uart_polling.c...
compiling main_task_exp.c...
linking...
.\build\FLASH\RTX_APP.axf: Error: L6218E: Undefined symbol task2 (referred from main_task_exp.o).
Target not created
Rebuild Project 'RTX_App' - Target 'Starter SIM'
assembling startup_LPC17xx.s...
compiling RTX_Conf_CM.c...
compiling Retarget.c...
compiling system_LPC17xx.c...
compiling uart_polling.c...
compiling main_task_exp.c...
linking...
Program Size: Code=6716 RO-data=276 RW-data=148 ZI-data=8156  
".\build\FLASH\RTX_APP.axf" - 0 Error(s), 0 Warning(s).
  
Rebuild Project 'RTX_Lib_CM' - Target 'CM3_LE'
compiling rt_Task.c...
compiling rt_System.c...
compiling rt_Event.c...
compiling rt_List.c...
compiling rt_Mailbox.c...
compiling rt_Semaphore.c...
compiling rt_Time.c...
compiling rt_Timer.c...
compiling rt_Mutex.c...
compiling rt_Robin.c...
compiling rt_MemBox.c...
compiling rt_Task_ext.c...
compiling rt_MemBox_ext.c...
assembling SVC_Table.s...
compiling HAL_CM3.c...
creating Library...
User command #1: cmd.exe /C copy ArInp.Scr CM3_LE\BuildLib.scr
        1 file(s) copied.
".\CM3_LE\RTX_CM3.lib" - 0 Error(s), 0 Warning(s).
  
Rebuild Project 'RTX_App' - Target 'Starter SIM'
assembling startup_LPC17xx.s...
compiling RTX_Conf_CM.c...
compiling Retarget.c...
compiling system_LPC17xx.c...
compiling uart_polling.c...
compiling main_task_exp.c...
linking...
Program Size: Code=6716 RO-data=276 RW-data=148 ZI-data=8156  
".\build\FLASH\RTX_APP.axf" - 0 Error(s), 0 Warning(s).
  
Rebuild Project 'RTX_Lib_CM' - Target 'CM3_LE'
compiling rt_Task.c...
compiling rt_System.c...
compiling rt_Event.c...
compiling rt_List.c...
compiling rt_Mailbox.c...
compiling rt_Semaphore.c...
compiling rt_Time.c...
compiling rt_Timer.c...
compiling rt_Mutex.c...
compiling rt_Robin.c...
compiling rt_MemBox.c...
compiling rt_Task_ext.c...
compiling rt_MemBox_ext.c...
assembling SVC_Table.s...
compiling HAL_CM3.c...
creating Library...
User command #1: cmd.exe /C copy ArInp.Scr CM3_LE\BuildLib.scr
        1 file(s) copied.
".\CM3_LE\RTX_CM3.lib" - 0 Error(s), 0 Warning(s).
  
Rebuild Project 'RTX_App' - Target 'Starter SIM'
assembling startup_LPC17xx.s...
compiling RTX_Conf_CM.c...
compiling Retarget.c...
compiling system_LPC17xx.c...
compiling uart_polling.c...
compiling main_task_exp.c...
linking...
Program Size: Code=6744 RO-data=276 RW-data=148 ZI-data=8156  
".\build\FLASH\RTX_APP.axf" - 0 Error(s), 0 Warning(s).
  
Rebuild Project 'RTX_Lib_CM' - Target 'CM3_LE'
compiling rt_Task.c...
compiling rt_System.c...
compiling rt_Event.c...
compiling rt_List.c...
compiling rt_Mailbox.c...
compiling rt_Semaphore.c...
compiling rt_Time.c...
compiling rt_Timer.c...
compiling rt_Mutex.c...
compiling rt_Robin.c...
compiling rt_MemBox.c...
compiling rt_Task_ext.c...
compiling rt_MemBox_ext.c...
assembling SVC_Table.s...
compiling HAL_CM3.c...
creating Library...
User command #1: cmd.exe /C copy ArInp.Scr CM3_LE\BuildLib.scr
        1 file(s) copied.
".\CM3_LE\RTX_CM3.lib" - 0 Error(s), 0 Warning(s).
  
Rebuild Project 'RTX_App' - Target 'Starter SIM'
assembling startup_LPC17xx.s...
compiling RTX_Conf_CM.c...
compiling Retarget.c...
compiling system_LPC17xx.c...
compiling uart_polling.c...
compiling main_task_exp.c...
C:\Users\IEUser\Documents\ece-254-os-lab\lab2\starter\RTX_App\src\main_task_exp.c(47): error:  #40: expected an identifier
C:\Users\IEUser\Documents\ece-254-os-lab\lab2\starter\RTX_App\src\main_task_exp.c(47): error:  #40: expected an identifier
C:\Users\IEUser\Documents\ece-254-os-lab\lab2\starter\RTX_App\src\main_task_exp.c(47): warning:  #77-D: this declaration has no storage class or type specifier
C:\Users\IEUser\Documents\ece-254-os-lab\lab2\starter\RTX_App\src\main_task_exp.c(47): error:  #92: identifier-list parameters may only be used in a function definition
Target not created
